#-----------------------------------------------------------
# Vivado v2016.2 (64-bit)
# SW Build 1577090 on Thu Jun  2 16:32:40 MDT 2016
# IP Build 1577682 on Fri Jun  3 12:00:54 MDT 2016
# Start of session at: Wed Mar 14 08:24:56 2018
# Process ID: 13372
# Current directory: C:/Users/Altium-3/Documents/Thibo_Amine/project_FPGA
# Command line: vivado.exe -gui_launcher_event rodinguilauncherevent204 C:\Users\Altium-3\Documents\Thibo_Amine\project_FPGA\project_FPGA.xpr
# Log file: C:/Users/Altium-3/Documents/Thibo_Amine/project_FPGA/vivado.log
# Journal file: C:/Users/Altium-3/Documents/Thibo_Amine/project_FPGA\vivado.jou
#-----------------------------------------------------------
start_gui
open_project C:/Users/Altium-3/Documents/Thibo_Amine/project_FPGA/project_FPGA.xpr
update_compile_order -fileset sources_1
reset_run synth_1
launch_runs impl_1 -jobs 2
wait_on_run impl_1
reset_run synth_1
launch_runs impl_1 -jobs 2
wait_on_run impl_1
launch_runs impl_1 -to_step write_bitstream -jobs 2
wait_on_run impl_1
reset_run synth_1
launch_runs impl_1 -to_step write_bitstream -jobs 2
wait_on_run impl_1
open_hw
connect_hw_server
open_hw_target
set_property PROGRAM.FILE {C:/Users/Altium-3/Documents/Thibo_Amine/project_FPGA/project_FPGA.runs/impl_1/test_afficheur.bit} [lindex [get_hw_devices] 0]
current_hw_device [lindex [get_hw_devices] 0]
refresh_hw_device -update_hw_probes false [lindex [get_hw_devices] 0]
refresh_hw_device [lindex [get_hw_devices] 0]
refresh_hw_device [lindex [get_hw_devices] 0]
set_property PROBES.FILE {} [lindex [get_hw_devices] 0]
set_property PROGRAM.FILE {C:/Users/Altium-3/Documents/Thibo_Amine/project_FPGA/project_FPGA.runs/impl_1/test_afficheur.bit} [lindex [get_hw_devices] 0]
program_hw_devices [lindex [get_hw_devices] 0]
refresh_hw_device [lindex [get_hw_devices] 0]
set_property PROBES.FILE {} [lindex [get_hw_devices] 0]
set_property PROGRAM.FILE {C:/Users/Altium-3/Documents/Thibo_Amine/project_FPGA/project_FPGA.runs/impl_1/test_afficheur.bit} [lindex [get_hw_devices] 0]
program_hw_devices [lindex [get_hw_devices] 0]
refresh_hw_device [lindex [get_hw_devices] 0]
reset_run synth_1
launch_runs impl_1 -jobs 2
wait_on_run impl_1
launch_runs impl_1 -to_step write_bitstream -jobs 2
wait_on_run impl_1
refresh_hw_device [lindex [get_hw_devices] 0]
set_property PROBES.FILE {} [lindex [get_hw_devices] 0]
set_property PROGRAM.FILE {C:/Users/Altium-3/Documents/Thibo_Amine/project_FPGA/project_FPGA.runs/impl_1/test_afficheur.bit} [lindex [get_hw_devices] 0]
program_hw_devices [lindex [get_hw_devices] 0]
refresh_hw_device [lindex [get_hw_devices] 0]
reset_run synth_1
launch_runs impl_1 -to_step write_bitstream -jobs 2
wait_on_run impl_1
set_property PROBES.FILE {} [lindex [get_hw_devices] 0]
set_property PROGRAM.FILE {C:/Users/Altium-3/Documents/Thibo_Amine/project_FPGA/project_FPGA.runs/impl_1/test_afficheur.bit} [lindex [get_hw_devices] 0]
program_hw_devices [lindex [get_hw_devices] 0]
refresh_hw_device [lindex [get_hw_devices] 0]
